[15:13:12 INF] アプリ開始
[15:13:12 ERR] エラー発生
System.Net.HttpListenerException (5): アクセスが拒否されました。
   at System.Net.HttpListener.AddPrefixCore(String registeredPrefix)
   at System.Net.HttpListener.AddAllPrefixes()
   at System.Net.HttpListener.Start()
   at Program.Main(String[] args) in C:\Users\Shibuyayuki\Desktop\Theme1_API-Integration-and-Automated-Data-Processing-Tools\Automated Data Processing Tools\ServerApp\Program.cs:line 27
[16:26:08 INF] アプリ開始
[16:26:08 ERR] エラー発生
System.Net.HttpListenerException (5): アクセスが拒否されました。
   at System.Net.HttpListener.AddPrefixCore(String registeredPrefix)
   at System.Net.HttpListener.AddAllPrefixes()
   at System.Net.HttpListener.Start()
   at Program.Main(String[] args) in C:\Users\Shibuyayuki\Desktop\Theme1_API-Integration-and-Automated-Data-Processing-Tools\Automated Data Processing Tools\ServerApp\Program.cs:line 34
[17:06:45 INF] アプリ開始
[17:06:45 ERR] エラー発生
System.Net.HttpListenerException (5): アクセスが拒否されました。
   at System.Net.HttpListener.AddPrefixCore(String registeredPrefix)
   at System.Net.HttpListener.AddAllPrefixes()
   at System.Net.HttpListener.Start()
   at Program.Main(String[] args) in C:\Users\Shibuyayuki\Desktop\Theme1_API-Integration-and-Automated-Data-Processing-Tools\Automated Data Processing Tools\ServerApp\Program.cs:line 34
[17:13:33 INF] アプリ開始
[17:13:33 ERR] エラー発生
System.Net.HttpListenerException (5): アクセスが拒否されました。
   at System.Net.HttpListener.AddPrefixCore(String registeredPrefix)
   at System.Net.HttpListener.AddAllPrefixes()
   at System.Net.HttpListener.Start()
   at Program.Main(String[] args) in C:\Users\Shibuyayuki\Desktop\Theme1_API-Integration-and-Automated-Data-Processing-Tools\Automated Data Processing Tools\ServerApp\Program.cs:line 34
[17:50:32 INF] アプリ開始
[17:50:32 ERR] エラー発生
System.Net.HttpListenerException (5): Access is denied.
   at System.Net.HttpListener.AddPrefixCore(String registeredPrefix)
   at System.Net.HttpListener.AddAllPrefixes()
   at System.Net.HttpListener.Start()
   at Program.Main(String[] args) in C:\Users\dinesh\Documents\GitHub\CSharpTraining\GuptaDinesh\Theme1_API-Integration-and-Automated-Data-Processing-Tools\Automated Data Processing Tools\ServerApp\Program.cs:line 34
[18:20:25 INF] アプリ開始
[18:20:25 ERR] エラー発生
System.Net.HttpListenerException (5): Access is denied.
   at System.Net.HttpListener.AddPrefixCore(String registeredPrefix)
   at System.Net.HttpListener.AddAllPrefixes()
   at System.Net.HttpListener.Start()
   at Program.Main(String[] args) in C:\Users\dinesh\Documents\GitHub\CSharpTraining\GuptaDinesh\Theme1_API-Integration-and-Automated-Data-Processing-Tools\Automated Data Processing Tools\ServerApp\Program.cs:line 34
