2026-06-08 15:52:13.128 +09:00 [INF] クライアントアプリが起動しました
2026-06-08 16:41:18.676 +09:00 [INF] クライアントアプリが起動しました
2026-06-08 16:42:50.704 +09:00 [INF] Sending Request: Add
2026-06-08 16:42:51.360 +09:00 [ERR] Response Status: "OK"
2026-06-08 16:42:51.362 +09:00 [INF] Response Status: "OK"
2026-06-08 16:42:51.363 +09:00 [INF] Response Content: {"Success":true,"Message":"Added","Data":null}
2026-06-08 16:48:06.273 +09:00 [INF] Sending Request: GetAll
2026-06-08 16:48:06.360 +09:00 [ERR] Response Status: "OK"
2026-06-08 16:48:06.361 +09:00 [INF] Response Status: "OK"
2026-06-08 16:48:06.361 +09:00 [INF] Response Content: {"Success":true,"Message":"Records Returned","Data":[{"Id":1,"DeviceName":"Device-A","Amount":1200.00,"ErrorCode":"","Timestamp":"2026-06-04T11:19:11.37"},{"Id":2,"DeviceName":"Device-B","Amount":5500.00,"ErrorCode":"E101","Timestamp":"2026-06-04T11:19:11.37"},{"Id":3,"DeviceName":"Device-C","Amount":3400.00,"ErrorCode":"","Timestamp":"2026-06-04T11:19:11.37"},{"Id":4,"DeviceName":"Device-D","Amount":7800.00,"ErrorCode":"E205","Timestamp":"2026-06-04T11:19:11.37"},{"Id":5,"DeviceName":"Device-E","Amount":2100.00,"ErrorCode":"","Timestamp":"2026-06-04T11:19:11.37"},{"Id":1003,"DeviceName":"Device-W","Amount":455.00,"ErrorCode":"E333","Timestamp":"2026-06-08T10:04:20.087"},{"Id":1004,"DeviceName":"Device-J","Amount":2234.00,"ErrorCode":"E111","Timestamp":"2026-06-08T10:07:42.817"},{"Id":1006,"DeviceName":"Device-G","Amount":1300.00,"ErrorCode":"","Timestamp":"2026-06-08T14:35:47.55"},{"Id":1007,"DeviceName":"Device-H","Amount":6500.00,"ErrorCode":"E601","Timestamp":"2026-06-08T14:35:47.55"},{"Id":1008,"DeviceName":"Device-I","Amount":5400.00,"ErrorCode":"","Timestamp":"2026-06-08T14:35:47.55"},{"Id":1009,"DeviceName":"Device-I","Amount":6800.00,"ErrorCode":"E705","Timestamp":"2026-06-08T14:35:47.55"},{"Id":1010,"DeviceName":"Device-K","Amount":2300.00,"ErrorCode":"","Timestamp":"2026-06-08T14:35:47.55"},{"Id":1011,"DeviceName":"Device-N","Amount":3450.00,"ErrorCode":"E100","Timestamp":"2026-06-08T14:36:57.37"},{"Id":1013,"DeviceName":"Device-L","Amount":3344.00,"ErrorCode":"E344","Timestamp":"2026-06-08T16:42:51.327"}]}
2026-06-08 16:48:43.118 +09:00 [INF] Sending Request: Update
2026-06-08 16:48:43.138 +09:00 [ERR] Response Status: "OK"
2026-06-08 16:48:43.138 +09:00 [INF] Response Status: "OK"
2026-06-08 16:48:43.138 +09:00 [INF] Response Content: {"Success":true,"Message":"Updated","Data":null}
2026-06-08 16:48:58.218 +09:00 [INF] Sending Request: GetAll
2026-06-08 16:48:58.228 +09:00 [ERR] Response Status: "OK"
2026-06-08 16:48:58.228 +09:00 [INF] Response Status: "OK"
2026-06-08 16:48:58.228 +09:00 [INF] Response Content: {"Success":true,"Message":"Records Returned","Data":[{"Id":1,"DeviceName":"Device-A","Amount":1200.00,"ErrorCode":"","Timestamp":"2026-06-04T11:19:11.37"},{"Id":2,"DeviceName":"Device-B","Amount":5500.00,"ErrorCode":"E101","Timestamp":"2026-06-04T11:19:11.37"},{"Id":3,"DeviceName":"Device-C","Amount":3400.00,"ErrorCode":"","Timestamp":"2026-06-04T11:19:11.37"},{"Id":4,"DeviceName":"Device-D","Amount":7800.00,"ErrorCode":"E205","Timestamp":"2026-06-04T11:19:11.37"},{"Id":5,"DeviceName":"Device-E","Amount":2100.00,"ErrorCode":"","Timestamp":"2026-06-04T11:19:11.37"},{"Id":1003,"DeviceName":"Device-W","Amount":455.00,"ErrorCode":"E333","Timestamp":"2026-06-08T10:04:20.087"},{"Id":1004,"DeviceName":"Device-J","Amount":2234.00,"ErrorCode":"E111","Timestamp":"2026-06-08T10:07:42.817"},{"Id":1006,"DeviceName":"Device-G","Amount":1300.00,"ErrorCode":"","Timestamp":"2026-06-08T14:35:47.55"},{"Id":1007,"DeviceName":"Device-H","Amount":6500.00,"ErrorCode":"E601","Timestamp":"2026-06-08T14:35:47.55"},{"Id":1008,"DeviceName":"Device-I","Amount":5400.00,"ErrorCode":"","Timestamp":"2026-06-08T14:35:47.55"},{"Id":1009,"DeviceName":"Device-I","Amount":6800.00,"ErrorCode":"E705","Timestamp":"2026-06-08T14:35:47.55"},{"Id":1010,"DeviceName":"Device-K","Amount":2300.00,"ErrorCode":"","Timestamp":"2026-06-08T14:35:47.55"},{"Id":1011,"DeviceName":"Device-N","Amount":3450.00,"ErrorCode":"E100","Timestamp":"2026-06-08T14:36:57.37"},{"Id":1013,"DeviceName":"Device-K","Amount":2334.00,"ErrorCode":"E222","Timestamp":"2026-06-08T16:42:51.327"}]}
2026-06-08 16:49:30.075 +09:00 [INF] Sending Request: GetAll
2026-06-08 16:49:30.081 +09:00 [ERR] Response Status: "OK"
2026-06-08 16:49:30.081 +09:00 [INF] Response Status: "OK"
2026-06-08 16:49:30.081 +09:00 [INF] Response Content: {"Success":true,"Message":"Records Returned","Data":[{"Id":1,"DeviceName":"Device-A","Amount":1200.00,"ErrorCode":"","Timestamp":"2026-06-04T11:19:11.37"},{"Id":2,"DeviceName":"Device-B","Amount":5500.00,"ErrorCode":"E101","Timestamp":"2026-06-04T11:19:11.37"},{"Id":3,"DeviceName":"Device-C","Amount":3400.00,"ErrorCode":"","Timestamp":"2026-06-04T11:19:11.37"},{"Id":4,"DeviceName":"Device-D","Amount":7800.00,"ErrorCode":"E205","Timestamp":"2026-06-04T11:19:11.37"},{"Id":5,"DeviceName":"Device-E","Amount":2100.00,"ErrorCode":"","Timestamp":"2026-06-04T11:19:11.37"},{"Id":1003,"DeviceName":"Device-W","Amount":455.00,"ErrorCode":"E333","Timestamp":"2026-06-08T10:04:20.087"},{"Id":1004,"DeviceName":"Device-J","Amount":2234.00,"ErrorCode":"E111","Timestamp":"2026-06-08T10:07:42.817"},{"Id":1006,"DeviceName":"Device-G","Amount":1300.00,"ErrorCode":"","Timestamp":"2026-06-08T14:35:47.55"},{"Id":1007,"DeviceName":"Device-H","Amount":6500.00,"ErrorCode":"E601","Timestamp":"2026-06-08T14:35:47.55"},{"Id":1008,"DeviceName":"Device-I","Amount":5400.00,"ErrorCode":"","Timestamp":"2026-06-08T14:35:47.55"},{"Id":1009,"DeviceName":"Device-I","Amount":6800.00,"ErrorCode":"E705","Timestamp":"2026-06-08T14:35:47.55"},{"Id":1010,"DeviceName":"Device-K","Amount":2300.00,"ErrorCode":"","Timestamp":"2026-06-08T14:35:47.55"},{"Id":1011,"DeviceName":"Device-N","Amount":3450.00,"ErrorCode":"E100","Timestamp":"2026-06-08T14:36:57.37"},{"Id":1013,"DeviceName":"Device-K","Amount":2334.00,"ErrorCode":"E222","Timestamp":"2026-06-08T16:42:51.327"}]}
2026-06-08 16:49:44.593 +09:00 [INF] Sending Request: GetAll
2026-06-08 16:49:44.601 +09:00 [ERR] Response Status: "OK"
2026-06-08 16:49:44.601 +09:00 [INF] Response Status: "OK"
2026-06-08 16:49:44.601 +09:00 [INF] Response Content: {"Success":true,"Message":"Records Returned","Data":[{"Id":1,"DeviceName":"Device-A","Amount":1200.00,"ErrorCode":"","Timestamp":"2026-06-04T11:19:11.37"},{"Id":2,"DeviceName":"Device-B","Amount":5500.00,"ErrorCode":"E101","Timestamp":"2026-06-04T11:19:11.37"},{"Id":3,"DeviceName":"Device-C","Amount":3400.00,"ErrorCode":"","Timestamp":"2026-06-04T11:19:11.37"},{"Id":4,"DeviceName":"Device-D","Amount":7800.00,"ErrorCode":"E205","Timestamp":"2026-06-04T11:19:11.37"},{"Id":5,"DeviceName":"Device-E","Amount":2100.00,"ErrorCode":"","Timestamp":"2026-06-04T11:19:11.37"},{"Id":1003,"DeviceName":"Device-W","Amount":455.00,"ErrorCode":"E333","Timestamp":"2026-06-08T10:04:20.087"},{"Id":1004,"DeviceName":"Device-J","Amount":2234.00,"ErrorCode":"E111","Timestamp":"2026-06-08T10:07:42.817"},{"Id":1006,"DeviceName":"Device-G","Amount":1300.00,"ErrorCode":"","Timestamp":"2026-06-08T14:35:47.55"},{"Id":1007,"DeviceName":"Device-H","Amount":6500.00,"ErrorCode":"E601","Timestamp":"2026-06-08T14:35:47.55"},{"Id":1008,"DeviceName":"Device-I","Amount":5400.00,"ErrorCode":"","Timestamp":"2026-06-08T14:35:47.55"},{"Id":1009,"DeviceName":"Device-I","Amount":6800.00,"ErrorCode":"E705","Timestamp":"2026-06-08T14:35:47.55"},{"Id":1010,"DeviceName":"Device-K","Amount":2300.00,"ErrorCode":"","Timestamp":"2026-06-08T14:35:47.55"},{"Id":1011,"DeviceName":"Device-N","Amount":3450.00,"ErrorCode":"E100","Timestamp":"2026-06-08T14:36:57.37"},{"Id":1013,"DeviceName":"Device-K","Amount":2334.00,"ErrorCode":"E222","Timestamp":"2026-06-08T16:42:51.327"}]}
2026-06-08 16:51:20.395 +09:00 [INF] Sending Request: GetAll
2026-06-08 16:51:20.406 +09:00 [ERR] Response Status: "OK"
2026-06-08 16:51:20.406 +09:00 [INF] Response Status: "OK"
2026-06-08 16:51:20.406 +09:00 [INF] Response Content: {"Success":true,"Message":"Records Returned","Data":[{"Id":1,"DeviceName":"Device-A","Amount":1200.00,"ErrorCode":"","Timestamp":"2026-06-04T11:19:11.37"},{"Id":2,"DeviceName":"Device-B","Amount":5500.00,"ErrorCode":"E101","Timestamp":"2026-06-04T11:19:11.37"},{"Id":3,"DeviceName":"Device-C","Amount":3400.00,"ErrorCode":"","Timestamp":"2026-06-04T11:19:11.37"},{"Id":4,"DeviceName":"Device-D","Amount":7800.00,"ErrorCode":"E205","Timestamp":"2026-06-04T11:19:11.37"},{"Id":5,"DeviceName":"Device-E","Amount":2100.00,"ErrorCode":"","Timestamp":"2026-06-04T11:19:11.37"},{"Id":1003,"DeviceName":"Device-W","Amount":455.00,"ErrorCode":"E333","Timestamp":"2026-06-08T10:04:20.087"},{"Id":1004,"DeviceName":"Device-J","Amount":2234.00,"ErrorCode":"E111","Timestamp":"2026-06-08T10:07:42.817"},{"Id":1006,"DeviceName":"Device-G","Amount":1300.00,"ErrorCode":"","Timestamp":"2026-06-08T14:35:47.55"},{"Id":1007,"DeviceName":"Device-H","Amount":6500.00,"ErrorCode":"E601","Timestamp":"2026-06-08T14:35:47.55"},{"Id":1008,"DeviceName":"Device-I","Amount":5400.00,"ErrorCode":"","Timestamp":"2026-06-08T14:35:47.55"},{"Id":1009,"DeviceName":"Device-I","Amount":6800.00,"ErrorCode":"E705","Timestamp":"2026-06-08T14:35:47.55"},{"Id":1010,"DeviceName":"Device-K","Amount":2300.00,"ErrorCode":"","Timestamp":"2026-06-08T14:35:47.55"},{"Id":1011,"DeviceName":"Device-N","Amount":3450.00,"ErrorCode":"E100","Timestamp":"2026-06-08T14:36:57.37"},{"Id":1013,"DeviceName":"Device-K","Amount":2334.00,"ErrorCode":"E222","Timestamp":"2026-06-08T16:42:51.327"}]}
2026-06-08 16:51:50.327 +09:00 [INF] Sending Request: Add
2026-06-08 16:51:50.337 +09:00 [ERR] Response Status: "OK"
2026-06-08 16:51:50.337 +09:00 [INF] Response Status: "OK"
2026-06-08 16:51:50.337 +09:00 [INF] Response Content: {"Success":true,"Message":"Added","Data":null}
2026-06-08 16:52:21.403 +09:00 [INF] クライアントアプリが起動しました
2026-06-08 16:52:32.149 +09:00 [INF] Sending Request: GetAll
2026-06-08 16:52:32.705 +09:00 [ERR] Response Status: "OK"
2026-06-08 16:52:32.721 +09:00 [INF] Response Status: "MethodNotAllowed"
2026-06-08 16:52:32.722 +09:00 [INF] Response Content: 
2026-06-08 16:52:32.733 +09:00 [ERR] サーバーへ接続できませんでした。
System.Text.Json.JsonException: The input does not contain any JSON tokens. Expected the input to start with a valid JSON token, when isFinalBlock is true. Path: $ | LineNumber: 0 | BytePositionInLine: 0.
 ---> System.Text.Json.JsonReaderException: The input does not contain any JSON tokens. Expected the input to start with a valid JSON token, when isFinalBlock is true. LineNumber: 0 | BytePositionInLine: 0.
   at System.Text.Json.ThrowHelper.ThrowJsonReaderException(Utf8JsonReader& json, ExceptionResource resource, Byte nextByte, ReadOnlySpan`1 bytes)
   at System.Text.Json.Utf8JsonReader.Read()
   at System.Text.Json.Serialization.JsonConverter`1.ReadCore(Utf8JsonReader& reader, T& value, JsonSerializerOptions options, ReadStack& state)
   --- End of inner exception stack trace ---
   at System.Text.Json.ThrowHelper.ReThrowWithPath(ReadStack& state, JsonReaderException ex)
   at System.Text.Json.Serialization.JsonConverter`1.ReadCore(Utf8JsonReader& reader, T& value, JsonSerializerOptions options, ReadStack& state)
   at System.Text.Json.Serialization.Metadata.JsonTypeInfo`1.Deserialize(Utf8JsonReader& reader, ReadStack& state)
   at System.Text.Json.JsonSerializer.ReadFromSpan[TValue](ReadOnlySpan`1 utf8Json, JsonTypeInfo`1 jsonTypeInfo, Nullable`1 actualByteCount)
   at System.Text.Json.JsonSerializer.ReadFromSpan[TValue](ReadOnlySpan`1 json, JsonTypeInfo`1 jsonTypeInfo)
   at System.Text.Json.JsonSerializer.Deserialize[TValue](String json, JsonSerializerOptions options)
   at ClientApp.Services.ApiClientService.SendAsync(ClientRequest request) in C:\Users\dinesh\Documents\GitHub\CSharpTraining\GuptaDinesh\Theme1_API-Integration-and-Automated-Data-Processing-Tools\Automated Data Processing Tools\ClientApp\Services\ApiClientService.cs:line 41
2026-06-08 16:54:52.804 +09:00 [INF] クライアントアプリが起動しました
2026-06-08 16:55:09.642 +09:00 [INF] Sending Request: GetAll
2026-06-08 16:55:20.146 +09:00 [ERR] Response Status: "InternalServerError"
2026-06-08 16:55:20.148 +09:00 [INF] Response Status: "InternalServerError"
2026-06-08 16:55:20.149 +09:00 [INF] Response Content: 
2026-06-08 16:55:20.154 +09:00 [ERR] サーバーへ接続できませんでした。
System.Text.Json.JsonException: The input does not contain any JSON tokens. Expected the input to start with a valid JSON token, when isFinalBlock is true. Path: $ | LineNumber: 0 | BytePositionInLine: 0.
 ---> System.Text.Json.JsonReaderException: The input does not contain any JSON tokens. Expected the input to start with a valid JSON token, when isFinalBlock is true. LineNumber: 0 | BytePositionInLine: 0.
   at System.Text.Json.ThrowHelper.ThrowJsonReaderException(Utf8JsonReader& json, ExceptionResource resource, Byte nextByte, ReadOnlySpan`1 bytes)
   at System.Text.Json.Utf8JsonReader.Read()
   at System.Text.Json.Serialization.JsonConverter`1.ReadCore(Utf8JsonReader& reader, T& value, JsonSerializerOptions options, ReadStack& state)
   --- End of inner exception stack trace ---
   at System.Text.Json.ThrowHelper.ReThrowWithPath(ReadStack& state, JsonReaderException ex)
   at System.Text.Json.Serialization.JsonConverter`1.ReadCore(Utf8JsonReader& reader, T& value, JsonSerializerOptions options, ReadStack& state)
   at System.Text.Json.Serialization.Metadata.JsonTypeInfo`1.Deserialize(Utf8JsonReader& reader, ReadStack& state)
   at System.Text.Json.JsonSerializer.ReadFromSpan[TValue](ReadOnlySpan`1 utf8Json, JsonTypeInfo`1 jsonTypeInfo, Nullable`1 actualByteCount)
   at System.Text.Json.JsonSerializer.ReadFromSpan[TValue](ReadOnlySpan`1 json, JsonTypeInfo`1 jsonTypeInfo)
   at System.Text.Json.JsonSerializer.Deserialize[TValue](String json, JsonSerializerOptions options)
   at ClientApp.Services.ApiClientService.SendAsync(ClientRequest request) in C:\Users\dinesh\Documents\GitHub\CSharpTraining\GuptaDinesh\Theme1_API-Integration-and-Automated-Data-Processing-Tools\Automated Data Processing Tools\ClientApp\Services\ApiClientService.cs:line 41
